/Users/DoerLBH/Dropbox/git/OLab_IntanEphys/Data/test
04-May-2016
[Warning: Could not start Excel server for export.
XLSWRITE will attempt to write file in CSV format.] 
[> In <a href="matlab:matlab.internal.language.introspective.errorDocCallback('xlswrite', '/Applications/Work/MATLAB_R2015b.app/toolbox/matlab/iofun/xlswrite.m', 174)" style="font-weight:bold">xlswrite</a> (<a href="matlab: opentoline('/Applications/Work/MATLAB_R2015b.app/toolbox/matlab/iofun/xlswrite.m',174,0)">line 174</a>)
  In <a href="matlab:matlab.internal.language.introspective.errorDocCallback('fast_160504_IntanEphysAnalysis', '/Users/DoerLBH/Dropbox/git/OLab_IntanEphys/fast_160504_IntanEphysAnalysis.m', 74)" style="font-weight:bold">fast_160504_IntanEphysAnalysis</a> (<a href="matlab: opentoline('/Users/DoerLBH/Dropbox/git/OLab_IntanEphys/fast_160504_IntanEphysAnalysis.m',74,0)">line 74</a>)] 

Reading Intan Technologies RHD2000 Data File, Version 1.4

Found 32 amplifier channels.
Found 3 auxiliary input channels.
Found 1 supply voltage channel.
Found 0 board ADC channels.
Found 2 board digital input channels.
Found 0 board digital output channels.
Found 0 temperature sensors channels.

File contains 60.012 seconds of data.  Amplifiers were sampled at 20.00 kS/s.

Allocating memory for data...
Reading data from file...
10% done...
20% done...
30% done...
40% done...
50% done...
60% done...
70% done...
80% done...
90% done...
100% done...
Parsing data...
No missing timestamps in data.
Applying notch filter...
10% done...
20% done...
30% done...
40% done...
50% done...
60% done...
70% done...
80% done...
90% done...
100% done...
Done!  Elapsed time: 2.6 seconds
Extracted data are now available in the MATLAB workspace.
Type 'whos' to see variables.


Reading Intan Technologies RHD2000 Data File, Version 1.4

Found 32 amplifier channels.
Found 3 auxiliary input channels.
Found 1 supply voltage channel.
Found 0 board ADC channels.
Found 2 board digital input channels.
Found 0 board digital output channels.
Found 0 temperature sensors channels.

File contains 27.792 seconds of data.  Amplifiers were sampled at 20.00 kS/s.

Allocating memory for data...
Reading data from file...
10% done...
20% done...
30% done...
40% done...
50% done...
60% done...
70% done...
80% done...
90% done...
100% done...
Parsing data...
No missing timestamps in data.
Applying notch filter...
10% done...
20% done...
30% done...
40% done...
50% done...
60% done...
70% done...
80% done...
90% done...
100% done...
Done!  Elapsed time: 1.2 seconds
Extracted data are now available in the MATLAB workspace.
Type 'whos' to see variables.


Reading Intan Technologies RHD2000 Data File, Version 1.4

Found 32 amplifier channels.
Found 3 auxiliary input channels.
Found 1 supply voltage channel.
Found 0 board ADC channels.
Found 2 board digital input channels.
Found 0 board digital output channels.
Found 0 temperature sensors channels.

File contains 60.012 seconds of data.  Amplifiers were sampled at 20.00 kS/s.

Allocating memory for data...
Reading data from file...
10% done...
20% done...
30% done...
40% done...
50% done...
60% done...
70% done...
80% done...
90% done...
100% done...
Parsing data...
No missing timestamps in data.
Applying notch filter...
10% done...
20% done...
30% done...
40% done...
50% done...
60% done...
70% done...
80% done...
90% done...
100% done...
Done!  Elapsed time: 2.5 seconds
Extracted data are now available in the MATLAB workspace.
Type 'whos' to see variables.

amplifer information

ans = 

              native_channel_name: 'A-004'
              custom_channel_name: 'A-004'
                     native_order: 4
                     custom_order: 4
                     board_stream: 0
                     chip_channel: 4
                        port_name: 'Port A'
                      port_prefix: 'A'
                      port_number: 1
    electrode_impedance_magnitude: 7.4017e+04
        electrode_impedance_phase: -93.0414

spikeL =
spikeR =ä
LED light information: 

times = 

          lLEDon: [1x120480 double]
         lLEDoff: [1x4036080 double]
          rLEDon: [1x103919 double]
         rLEDoff: [1x4052641 double]
       lLEDstart: [1x29 double]
       rLEDstart: [1x15 double]
    Lrasterlight: [1 2 3 4 5 6 7 8 9 10 11 12 13 14 15 16 17 18 19 20 21 22 23 24 25 26 27 28 29]
    Rrasterlight: [1 2 3 4 5 6 7 8 9 10 11 12 13 14 15]


fig2 = 

  <a href="matlab:helpPopup matlab.ui.Figure" style="font-weight:bold">Figure</a> (1) with properties:

      Number: 1
        Name: ''
       Color: [0.9400 0.9400 0.9400]
    Position: [440 378 560 420]
       Units: 'pixels'

  Show <a href="matlab:if exist('fig2', 'var'), matlab.graphics.internal.getForDisplay('fig2', fig2, 'matlab.ui.Figure'), else, matlab.graphics.internal.getForDisplay('fig2'), end">all properties</a>


fig3 = 

  <a href="matlab:helpPopup matlab.ui.Figure" style="font-weight:bold">Figure</a> (1) with properties:

      Number: 1
        Name: ''
       Color: [0.9400 0.9400 0.9400]
    Position: [440 378 560 420]
       Units: 'pixels'

  Show <a href="matlab:if exist('fig3', 'var'), matlab.graphics.internal.getForDisplay('fig3', fig3, 'matlab.ui.Figure'), else, matlab.graphics.internal.getForDisplay('fig3'), end">all properties</a>

For left eye (L):
spike average (on):
spike average (off):
For right eye (R):
spike average (on):
spike average (off):
Finished!!!/Users/DoerLBH/Dropbox/git/OLab_IntanEphys/Data/test/albino-012816-S1_160128
--------------------------------
/Users/DoerLBH/Dropbox/git/OLab_IntanEphys/Data/test
04-May-2016
[Warning: Could not start Excel server for export.
XLSWRITE will attempt to write file in CSV format.] 
[> In <a href="matlab:matlab.internal.language.introspective.errorDocCallback('xlswrite', '/Applications/Work/MATLAB_R2015b.app/toolbox/matlab/iofun/xlswrite.m', 174)" style="font-weight:bold">xlswrite</a> (<a href="matlab: opentoline('/Applications/Work/MATLAB_R2015b.app/toolbox/matlab/iofun/xlswrite.m',174,0)">line 174</a>)
  In <a href="matlab:matlab.internal.language.introspective.errorDocCallback('fast_160504_IntanEphysAnalysis', '/Users/DoerLBH/Dropbox/git/OLab_IntanEphys/fast_160504_IntanEphysAnalysis.m', 74)" style="font-weight:bold">fast_160504_IntanEphysAnalysis</a> (<a href="matlab: opentoline('/Users/DoerLBH/Dropbox/git/OLab_IntanEphys/fast_160504_IntanEphysAnalysis.m',74,0)">line 74</a>)] 
amplifer information

ans = 

              native_channel_name: 'A-004'
              custom_channel_name: 'A-004'
                     native_order: 4
                     custom_order: 4
                     board_stream: 0
                     chip_channel: 4
                        port_name: 'Port A'
                      port_prefix: 'A'
                      port_number: 1
    electrode_impedance_magnitude: 7.4017e+04
        electrode_impedance_phase: -93.0414

spikeL =
spikeR =ä
LED light information: 

times = 

          lLEDon: [1x120480 double]
         lLEDoff: [1x4036080 double]
          rLEDon: [1x103919 double]
         rLEDoff: [1x4052641 double]
       lLEDstart: [1x29 double]
       rLEDstart: [1x15 double]
    Lrasterlight: [1 2 3 4 5 6 7 8 9 10 11 12 13 14 15 16 17 18 19 20 21 22 23 24 25 26 27 28 29]
    Rrasterlight: [1 2 3 4 5 6 7 8 9 10 11 12 13 14 15]


fig2 = 

  <a href="matlab:helpPopup matlab.ui.Figure" style="font-weight:bold">Figure</a> (1) with properties:

      Number: 1
        Name: ''
       Color: [0.9400 0.9400 0.9400]
    Position: [440 378 560 420]
       Units: 'pixels'

  Show <a href="matlab:if exist('fig2', 'var'), matlab.graphics.internal.getForDisplay('fig2', fig2, 'matlab.ui.Figure'), else, matlab.graphics.internal.getForDisplay('fig2'), end">all properties</a>


fig3 = 

  <a href="matlab:helpPopup matlab.ui.Figure" style="font-weight:bold">Figure</a> (1) with properties:

      Number: 1
        Name: ''
       Color: [0.9400 0.9400 0.9400]
    Position: [440 378 560 420]
       Units: 'pixels'

  Show <a href="matlab:if exist('fig3', 'var'), matlab.graphics.internal.getForDisplay('fig3', fig3, 'matlab.ui.Figure'), else, matlab.graphics.internal.getForDisplay('fig3'), end">all properties</a>

For left eye (L):
spike average (on):
spike average (off):
For right eye (R):
spike average (on):
spike average (off):
Finished!!!/Users/DoerLBH/Dropbox/git/OLab_IntanEphys/Data/test/albino-012816-S1_160128
--------------------------------
/Users/DoerLBH/Dropbox/git/OLab_IntanEphys/Data/test
04-May-2016
[Warning: Could not start Excel server for export.
XLSWRITE will attempt to write file in CSV format.] 
[> In <a href="matlab:matlab.internal.language.introspective.errorDocCallback('xlswrite', '/Applications/Work/MATLAB_R2015b.app/toolbox/matlab/iofun/xlswrite.m', 174)" style="font-weight:bold">xlswrite</a> (<a href="matlab: opentoline('/Applications/Work/MATLAB_R2015b.app/toolbox/matlab/iofun/xlswrite.m',174,0)">line 174</a>)
  In <a href="matlab:matlab.internal.language.introspective.errorDocCallback('fast_160504_IntanEphysAnalysis', '/Users/DoerLBH/Dropbox/git/OLab_IntanEphys/fast_160504_IntanEphysAnalysis.m', 74)" style="font-weight:bold">fast_160504_IntanEphysAnalysis</a> (<a href="matlab: opentoline('/Users/DoerLBH/Dropbox/git/OLab_IntanEphys/fast_160504_IntanEphysAnalysis.m',74,0)">line 74</a>)] 

SpikesL =

   402


SpikesR =

   228


ans =

    29


ans =

    15

For left eye (L):
spike average (on):
spike average (off):
For right eye (R):
spike average (on):
spike average (off):
Finished!!!/Users/DoerLBH/Dropbox/git/OLab_IntanEphys/Data/test/albino-012816-S1_160128
--------------------------------
/Users/DoerLBH/Dropbox/git/OLab_IntanEphys/Data/test
04-May-2016
[Warning: Could not start Excel server for export.
XLSWRITE will attempt to write file in CSV format.] 
[> In <a href="matlab:matlab.internal.language.introspective.errorDocCallback('xlswrite', '/Applications/Work/MATLAB_R2015b.app/toolbox/matlab/iofun/xlswrite.m', 174)" style="font-weight:bold">xlswrite</a> (<a href="matlab: opentoline('/Applications/Work/MATLAB_R2015b.app/toolbox/matlab/iofun/xlswrite.m',174,0)">line 174</a>)
  In <a href="matlab:matlab.internal.language.introspective.errorDocCallback('fast_160504_IntanEphysAnalysis', '/Users/DoerLBH/Dropbox/git/OLab_IntanEphys/fast_160504_IntanEphysAnalysis.m', 74)" style="font-weight:bold">fast_160504_IntanEphysAnalysis</a> (<a href="matlab: opentoline('/Users/DoerLBH/Dropbox/git/OLab_IntanEphys/fast_160504_IntanEphysAnalysis.m',74,0)">line 74</a>)] 

SpikesL =

   402


SpikesR =

   228


ans =

    29


ans =

    15


ans =

   17.5517


ans =

   22.2414


ans =

   24.1333


ans =

   22.8667

Finished!!!/Users/DoerLBH/Dropbox/git/OLab_IntanEphys/Data/test/albino-012816-S1_160128
--------------------------------
